00:14.968  blend            | Read blend: "C:\Dev\sedan-builds\default03\project\data\assets\vehicles\sources\endurance-sedan-generation\pre-lod\pre-grooves\source.blend"
00:18.093  blend            | Read blend: "C:\Dev\sedan-builds\default03\project\data\assets\vehicles\sources\endurance-sedan-generation\pre-lod\source.blend"
SEDAN_FINAL_SOURCE_PHASE {'name': 'checkpoint-observed-and-current-source-opened', 'utc': '2026-09-29T16:15:33.189066+00:00', 'elapsed_seconds': 16.98831080002128}
SEDAN_FINAL_SOURCE_PHASE {'name': 'current-source-inputs-verified', 'utc': '2026-09-29T16:19:06.811071+00:00', 'elapsed_seconds': 213.61888649998582}
SEDAN_FINAL_SOURCE_PHASE {'name': 'originals-captured-and-front-fields-verified', 'utc': '2026-09-29T16:20:17.568986+00:00', 'elapsed_seconds': 70.75688250001986}
MIXED_FRONT_ATTEMPT LOD1_MixedProtectedFront 0.065 passed
MIXED_FRONT_ATTEMPT LOD2_MixedProtectedFront 0.065 passed
{"stage": "recipe91-complete-lower-LOD-check", "name": "LOD1_Batch_000_Door_FL_Material_Glass", "status": "passed"}
{"stage": "recipe91-complete-lower-LOD-check", "name": "LOD1_Batch_001_Door_FL_Material_Leather", "status": "passed"}
{"stage": "recipe91-complete-lower-LOD-check", "name": "LOD1_Batch_002_Door_FL_Material_Paint", "status": "passed"}
{"stage": "recipe91-complete-lower-LOD-check", "name": "LOD1_Batch_003_Door_FL_Material_Rubber", "status": "passed"}
{"stage": "recipe91-complete-lower-LOD-check", "name": "LOD1_Batch_004_Door_FL_Material_Trim", "status": "passed"}
{"stage": "recipe91-complete-lower-LOD-check", "name": "LOD1_Batch_005_Door_FR_Material_Glass", "status": "passed"}
{"stage": "recipe91-complete-lower-LOD-check", "name": "LOD1_Batch_006_Door_FR_Material_Leather", "status": "passed"}
{"stage": "recipe91-complete-lower-LOD-check", "name": "LOD1_Batch_007_Door_FR_Material_Paint", "status": "passed"}
{"stage": "recipe91-complete-lower-LOD-check", "name": "LOD1_Batch_008_Door_FR_Material_Rubber", "status": "passed"}
{"stage": "recipe91-complete-lower-LOD-check", "name": "LOD1_Batch_009_Door_FR_Material_Trim", "status": "passed"}
{"stage": "recipe91-complete-lower-LOD-check", "name": "LOD1_Batch_010_Door_RL_Material_GlassPrivacy", "status": "passed"}
{"stage": "recipe91-complete-lower-LOD-check", "name": "LOD1_Batch_011_Door_RL_Material_Leather", "status": "passed"}
{"stage": "recipe91-complete-lower-LOD-check", "name": "LOD1_Batch_012_Door_RL_Material_Paint", "status": "passed"}
{"stage": "recipe91-complete-lower-LOD-check", "name": "LOD1_Batch_013_Door_RL_Material_Rubber", "status": "passed"}
{"stage": "recipe91-complete-lower-LOD-check", "name": "LOD1_Batch_014_Door_RL_Material_Trim", "status": "passed"}
{"stage": "recipe91-complete-lower-LOD-check", "name": "LOD1_Batch_015_Door_RR_Material_GlassPrivacy", "status": "passed"}
{"stage": "recipe91-complete-lower-LOD-check", "name": "LOD1_Batch_016_Door_RR_Material_Leather", "status": "passed"}
{"stage": "recipe91-complete-lower-LOD-check", "name": "LOD1_Batch_017_Door_RR_Material_Paint", "status": "passed"}
{"stage": "recipe91-complete-lower-LOD-check", "name": "LOD1_Batch_018_Door_RR_Material_Rubber", "status": "passed"}
{"stage": "recipe91-complete-lower-LOD-check", "name": "LOD1_Batch_019_Door_RR_Material_Trim", "status": "passed"}
{"stage": "recipe91-complete-lower-LOD-check", "name": "LOD1_Batch_020_Hood_Hinge_Material_Paint", "status": "passed"}
{"stage": "recipe91-complete-lower-LOD-check", "name": "LOD1_Batch_021_Instrument_Cluster_Material_Screen", "status": "passed"}
{"stage": "recipe91-complete-lower-LOD-check", "name": "LOD1_Batch_022_Light_Brake_Center_Material_BrakeLight", "status": "passed"}
{"stage": "recipe91-complete-lower-LOD-check", "name": "LOD1_Batch_023_Light_Brake_L_Material_BrakeLight", "status": "passed"}
{"stage": "recipe91-complete-lower-LOD-check", "name": "LOD1_Batch_024_Light_Brake_R_Material_BrakeLight", "status": "passed"}
{"stage": "recipe91-complete-lower-LOD-check", "name": "LOD1_Batch_025_Light_Head_FL_Material_Headlight", "status": "passed"}
{"stage": "recipe91-complete-lower-LOD-check", "name": "LOD1_Batch_026_Light_Head_FR_Material_Headlight", "status": "passed"}
{"stage": "recipe91-complete-lower-LOD-check", "name": "LOD1_Batch_027_Light_Indicator_FL_Material_IndicatorLeft", "status": "passed"}
{"stage": "recipe91-complete-lower-LOD-check", "name": "LOD1_Batch_028_Light_Indicator_FR_Material_IndicatorRight", "status": "passed"}
{"stage": "recipe91-complete-lower-LOD-check", "name": "LOD1_Batch_029_Light_Indicator_RL_Material_IndicatorLeft", "status": "passed"}
{"stage": "recipe91-complete-lower-LOD-check", "name": "LOD1_Batch_030_Light_Indicator_RR_Material_IndicatorRight", "status": "passed"}
{"stage": "recipe91-complete-lower-LOD-check", "name": "LOD1_Batch_031_Light_Reverse_L_Material_ReverseLight", "status": "passed"}
{"stage": "recipe91-complete-lower-LOD-check", "name": "LOD1_Batch_032_Light_Reverse_R_Material_ReverseLight", "status": "passed"}
{"stage": "recipe91-complete-lower-LOD-check", "name": "LOD1_Batch_033_Light_Tail_RL_Material_Taillight", "status": "passed"}
{"stage": "recipe91-complete-lower-LOD-check", "name": "LOD1_Batch_034_Light_Tail_RR_Material_Taillight", "status": "passed"}
{"stage": "recipe91-complete-lower-LOD-check", "name": "LOD1_Batch_035_Mirror_Left_Material_Mirror", "status": "passed"}
{"stage": "recipe91-complete-lower-LOD-check", "name": "LOD1_Batch_036_Mirror_Rear_Material_Mirror", "status": "passed"}
{"stage": "recipe91-complete-lower-LOD-check", "name": "LOD1_Batch_037_Mirror_Right_Material_Mirror", "status": "passed"}
{"stage": "recipe91-complete-lower-LOD-check", "name": "LOD1_Batch_038_SteeringWheel_Pivot_Material_Leather", "status": "passed"}
{"stage": "recipe91-complete-lower-LOD-check", "name": "LOD1_Batch_039_SteeringWheel_Pivot_Material_Trim", "status": "passed"}
{"stage": "recipe91-complete-lower-LOD-check", "name": "LOD1_Batch_040_SteeringWheel_Pivot_Material_Wheel", "status": "passed"}
{"stage": "recipe91-complete-lower-LOD-check", "name": "LOD1_Batch_041_Suspension_FL_Material_Caliper", "status": "passed"}
{"stage": "recipe91-complete-lower-LOD-check", "name": "LOD1_Batch_042_Suspension_FR_Material_Caliper", "status": "passed"}
{"stage": "recipe91-complete-lower-LOD-check", "name": "LOD1_Batch_043_Suspension_RL_Material_Caliper", "status": "passed"}
{"stage": "recipe91-complete-lower-LOD-check", "name": "LOD1_Batch_044_Suspension_RR_Material_Caliper", "status": "passed"}
{"stage": "recipe91-complete-lower-LOD-check", "name": "LOD1_Batch_045_Trunk_Hinge_Material_Paint", "status": "passed"}
{"stage": "recipe91-complete-lower-LOD-check", "name": "LOD1_Batch_046_Visual_LOD1_Material_Carpet", "status": "passed"}
{"stage": "recipe91-complete-lower-LOD-check", "name": "LOD1_Batch_047_Visual_LOD1_Material_CoolingCore", "status": "passed"}
{"stage": "recipe91-complete-lower-LOD-check", "name": "LOD1_Batch_048_Visual_LOD1_Material_Fabric", "status": "passed"}
{"stage": "recipe91-complete-lower-LOD-check", "name": "LOD1_Batch_051_Visual_LOD1_Material_Leather", "status": "passed"}
{"stage": "recipe91-complete-lower-LOD-check", "name": "LOD1_Batch_052_Visual_LOD1_Material_Metal", "status": "passed"}
{"stage": "recipe91-complete-lower-LOD-check", "name": "LOD1_Batch_053_Visual_LOD1_Material_Mirror", "status": "passed"}
{"stage": "recipe91-complete-lower-LOD-check", "name": "LOD1_Batch_054_Visual_LOD1_Material_OpticalGlass", "status": "passed"}
{"stage": "recipe91-complete-lower-LOD-check", "name": "LOD1_Batch_055_Visual_LOD1_Material_Paint", "status": "passed"}
{"stage": "recipe91-complete-lower-LOD-check", "name": "LOD1_Batch_056_Visual_LOD1_Material_Plate", "status": "passed"}
{"stage": "recipe91-complete-lower-LOD-check", "name": "LOD1_Batch_057_Visual_LOD1_Material_Rubber", "status": "passed"}
{"stage": "recipe91-complete-lower-LOD-check", "name": "LOD1_Batch_058_Visual_LOD1_Material_Screen", "status": "passed"}
{"stage": "recipe91-complete-lower-LOD-check", "name": "LOD1_Batch_059_Visual_LOD1_Material_Taillight", "status": "passed"}
{"stage": "recipe91-complete-lower-LOD-check", "name": "LOD1_Batch_060_Visual_LOD1_Material_Trim", "status": "passed"}
{"stage": "recipe91-complete-lower-LOD-check", "name": "LOD1_Batch_061_Visual_LOD1_Material_Wheel", "status": "passed"}
{"stage": "recipe91-complete-lower-LOD-check", "name": "LOD1_Batch_062_Wheel_FL_Material_Alloy", "status": "passed"}
{"stage": "recipe91-complete-lower-LOD-check", "name": "LOD1_Batch_063_Wheel_FL_Material_Metal", "status": "passed"}
{"stage": "recipe91-complete-lower-LOD-check", "name": "LOD1_Batch_064_Wheel_FL_Material_Rubber", "status": "passed"}
{"stage": "recipe91-complete-lower-LOD-check", "name": "LOD1_Batch_065_Wheel_FL_Material_Wheel", "status": "passed"}
{"stage": "recipe91-complete-lower-LOD-check", "name": "LOD1_Batch_066_Wheel_FR_Material_Alloy", "status": "passed"}
{"stage": "recipe91-complete-lower-LOD-check", "name": "LOD1_Batch_067_Wheel_FR_Material_Metal", "status": "passed"}
{"stage": "recipe91-complete-lower-LOD-check", "name": "LOD1_Batch_068_Wheel_FR_Material_Rubber", "status": "passed"}
{"stage": "recipe91-complete-lower-LOD-check", "name": "LOD1_Batch_069_Wheel_FR_Material_Wheel", "status": "passed"}
{"stage": "recipe91-complete-lower-LOD-check", "name": "LOD1_Batch_070_Wheel_RL_Material_Alloy", "status": "passed"}
{"stage": "recipe91-complete-lower-LOD-check", "name": "LOD1_Batch_071_Wheel_RL_Material_Metal", "status": "passed"}
{"stage": "recipe91-complete-lower-LOD-check", "name": "LOD1_Batch_072_Wheel_RL_Material_Rubber", "status": "passed"}
{"stage": "recipe91-complete-lower-LOD-check", "name": "LOD1_Batch_073_Wheel_RL_Material_Wheel", "status": "passed"}
{"stage": "recipe91-complete-lower-LOD-check", "name": "LOD1_Batch_074_Wheel_RR_Material_Alloy", "status": "passed"}
{"stage": "recipe91-complete-lower-LOD-check", "name": "LOD1_Batch_075_Wheel_RR_Material_Metal", "status": "passed"}
{"stage": "recipe91-complete-lower-LOD-check", "name": "LOD1_Batch_076_Wheel_RR_Material_Rubber", "status": "passed"}
{"stage": "recipe91-complete-lower-LOD-check", "name": "LOD1_Batch_077_Wheel_RR_Material_Wheel", "status": "passed"}
{"stage": "recipe91-complete-lower-LOD-check", "name": "LOD1_Batch_078_Wiper_L_Material_Rubber", "status": "passed"}
{"stage": "recipe91-complete-lower-LOD-check", "name": "LOD1_Batch_079_Wiper_L_Material_Trim", "status": "passed"}
{"stage": "recipe91-complete-lower-LOD-check", "name": "LOD1_Batch_080_Wiper_R_Material_Rubber", "status": "passed"}
{"stage": "recipe91-complete-lower-LOD-check", "name": "LOD1_Batch_081_Wiper_R_Material_Trim", "status": "passed"}
{"stage": "recipe91-complete-lower-LOD-check", "name": "LOD1_Field_Backlight", "status": "passed"}
{"stage": "recipe91-complete-lower-LOD-check", "name": "LOD1_Field_Windshield", "status": "passed"}
{"stage": "recipe91-complete-lower-LOD-check", "name": "LOD1_MixedProtectedFront", "status": "passed"}
{"stage": "recipe91-complete-lower-LOD-check", "name": "LOD2_Batch_000_Door_FL_Material_Glass", "status": "passed"}
{"stage": "recipe91-complete-lower-LOD-check", "name": "LOD2_Batch_001_Door_FL_Material_Leather", "status": "passed"}
{"stage": "recipe91-complete-lower-LOD-check", "name": "LOD2_Batch_002_Door_FL_Material_Paint", "status": "passed"}
{"stage": "recipe91-complete-lower-LOD-check", "name": "LOD2_Batch_003_Door_FL_Material_Rubber", "status": "passed"}
{"stage": "recipe91-complete-lower-LOD-check", "name": "LOD2_Batch_004_Door_FL_Material_Trim", "status": "passed"}
{"stage": "recipe91-complete-lower-LOD-check", "name": "LOD2_Batch_005_Door_FR_Material_Glass", "status": "passed"}
{"stage": "recipe91-complete-lower-LOD-check", "name": "LOD2_Batch_006_Door_FR_Material_Leather", "status": "passed"}
{"stage": "recipe91-complete-lower-LOD-check", "name": "LOD2_Batch_007_Door_FR_Material_Paint", "status": "passed"}
{"stage": "recipe91-complete-lower-LOD-check", "name": "LOD2_Batch_008_Door_FR_Material_Rubber", "status": "passed"}
{"stage": "recipe91-complete-lower-LOD-check", "name": "LOD2_Batch_009_Door_FR_Material_Trim", "status": "passed"}
{"stage": "recipe91-complete-lower-LOD-check", "name": "LOD2_Batch_010_Door_RL_Material_GlassPrivacy", "status": "passed"}
{"stage": "recipe91-complete-lower-LOD-check", "name": "LOD2_Batch_011_Door_RL_Material_Leather", "status": "passed"}
{"stage": "recipe91-complete-lower-LOD-check", "name": "LOD2_Batch_012_Door_RL_Material_Paint", "status": "passed"}
{"stage": "recipe91-complete-lower-LOD-check", "name": "LOD2_Batch_013_Door_RL_Material_Rubber", "status": "passed"}
{"stage": "recipe91-complete-lower-LOD-check", "name": "LOD2_Batch_014_Door_RL_Material_Trim", "status": "passed"}
{"stage": "recipe91-complete-lower-LOD-check", "name": "LOD2_Batch_015_Door_RR_Material_GlassPrivacy", "status": "passed"}
{"stage": "recipe91-complete-lower-LOD-check", "name": "LOD2_Batch_016_Door_RR_Material_Leather", "status": "passed"}
{"stage": "recipe91-complete-lower-LOD-check", "name": "LOD2_Batch_017_Door_RR_Material_Paint", "status": "passed"}
{"stage": "recipe91-complete-lower-LOD-check", "name": "LOD2_Batch_018_Door_RR_Material_Rubber", "status": "passed"}
{"stage": "recipe91-complete-lower-LOD-check", "name": "LOD2_Batch_019_Door_RR_Material_Trim", "status": "passed"}
{"stage": "recipe91-complete-lower-LOD-check", "name": "LOD2_Batch_020_Hood_Hinge_Material_Paint", "status": "passed"}
{"stage": "recipe91-complete-lower-LOD-check", "name": "LOD2_Batch_021_Instrument_Cluster_Material_Screen", "status": "passed"}
{"stage": "recipe91-complete-lower-LOD-check", "name": "LOD2_Batch_022_Light_Brake_Center_Material_BrakeLight", "status": "passed"}
{"stage": "recipe91-complete-lower-LOD-check", "name": "LOD2_Batch_023_Light_Brake_L_Material_BrakeLight", "status": "passed"}
{"stage": "recipe91-complete-lower-LOD-check", "name": "LOD2_Batch_024_Light_Brake_R_Material_BrakeLight", "status": "passed"}
{"stage": "recipe91-complete-lower-LOD-check", "name": "LOD2_Batch_025_Light_Head_FL_Material_Headlight", "status": "passed"}
{"stage": "recipe91-complete-lower-LOD-check", "name": "LOD2_Batch_026_Light_Head_FR_Material_Headlight", "status": "passed"}
{"stage": "recipe91-complete-lower-LOD-check", "name": "LOD2_Batch_027_Light_Indicator_FL_Material_IndicatorLeft", "status": "passed"}
{"stage": "recipe91-complete-lower-LOD-check", "name": "LOD2_Batch_028_Light_Indicator_FR_Material_IndicatorRight", "status": "passed"}
{"stage": "recipe91-complete-lower-LOD-check", "name": "LOD2_Batch_029_Light_Indicator_RL_Material_IndicatorLeft", "status": "passed"}
{"stage": "recipe91-complete-lower-LOD-check", "name": "LOD2_Batch_030_Light_Indicator_RR_Material_IndicatorRight", "status": "passed"}
{"stage": "recipe91-complete-lower-LOD-check", "name": "LOD2_Batch_031_Light_Reverse_L_Material_ReverseLight", "status": "passed"}
{"stage": "recipe91-complete-lower-LOD-check", "name": "LOD2_Batch_032_Light_Reverse_R_Material_ReverseLight", "status": "passed"}
{"stage": "recipe91-complete-lower-LOD-check", "name": "LOD2_Batch_033_Light_Tail_RL_Material_Taillight", "status": "passed"}
{"stage": "recipe91-complete-lower-LOD-check", "name": "LOD2_Batch_034_Light_Tail_RR_Material_Taillight", "status": "passed"}
{"stage": "recipe91-complete-lower-LOD-check", "name": "LOD2_Batch_035_Mirror_Left_Material_Mirror", "status": "passed"}
{"stage": "recipe91-complete-lower-LOD-check", "name": "LOD2_Batch_036_Mirror_Rear_Material_Mirror", "status": "passed"}
{"stage": "recipe91-complete-lower-LOD-check", "name": "LOD2_Batch_037_Mirror_Right_Material_Mirror", "status": "passed"}
{"stage": "recipe91-complete-lower-LOD-check", "name": "LOD2_Batch_038_SteeringWheel_Pivot_Material_Leather", "status": "passed"}
{"stage": "recipe91-complete-lower-LOD-check", "name": "LOD2_Batch_039_SteeringWheel_Pivot_Material_Trim", "status": "passed"}
{"stage": "recipe91-complete-lower-LOD-check", "name": "LOD2_Batch_040_SteeringWheel_Pivot_Material_Wheel", "status": "passed"}
{"stage": "recipe91-complete-lower-LOD-check", "name": "LOD2_Batch_041_Suspension_FL_Material_Caliper", "status": "passed"}
{"stage": "recipe91-complete-lower-LOD-check", "name": "LOD2_Batch_042_Suspension_FR_Material_Caliper", "status": "passed"}
{"stage": "recipe91-complete-lower-LOD-check", "name": "LOD2_Batch_043_Suspension_RL_Material_Caliper", "status": "passed"}
{"stage": "recipe91-complete-lower-LOD-check", "name": "LOD2_Batch_044_Suspension_RR_Material_Caliper", "status": "passed"}
{"stage": "recipe91-complete-lower-LOD-check", "name": "LOD2_Batch_045_Trunk_Hinge_Material_Paint", "status": "passed"}
{"stage": "recipe91-complete-lower-LOD-check", "name": "LOD2_Batch_046_Visual_LOD2_Material_Carpet", "status": "passed"}
{"stage": "recipe91-complete-lower-LOD-check", "name": "LOD2_Batch_047_Visual_LOD2_Material_CoolingCore", "status": "passed"}
{"stage": "recipe91-complete-lower-LOD-check", "name": "LOD2_Batch_048_Visual_LOD2_Material_Fabric", "status": "passed"}
{"stage": "recipe91-complete-lower-LOD-check", "name": "LOD2_Batch_051_Visual_LOD2_Material_Leather", "status": "passed"}
{"stage": "recipe91-complete-lower-LOD-check", "name": "LOD2_Batch_052_Visual_LOD2_Material_Metal", "status": "passed"}
{"stage": "recipe91-complete-lower-LOD-check", "name": "LOD2_Batch_053_Visual_LOD2_Material_Mirror", "status": "passed"}
{"stage": "recipe91-complete-lower-LOD-check", "name": "LOD2_Batch_054_Visual_LOD2_Material_OpticalGlass", "status": "passed"}
{"stage": "recipe91-complete-lower-LOD-check", "name": "LOD2_Batch_055_Visual_LOD2_Material_Paint", "status": "passed"}
{"stage": "recipe91-complete-lower-LOD-check", "name": "LOD2_Batch_056_Visual_LOD2_Material_Plate", "status": "passed"}
{"stage": "recipe91-complete-lower-LOD-check", "name": "LOD2_Batch_057_Visual_LOD2_Material_Rubber", "status": "passed"}
{"stage": "recipe91-complete-lower-LOD-check", "name": "LOD2_Batch_058_Visual_LOD2_Material_Screen", "status": "passed"}
{"stage": "recipe91-complete-lower-LOD-check", "name": "LOD2_Batch_059_Visual_LOD2_Material_Taillight", "status": "passed"}
{"stage": "recipe91-complete-lower-LOD-check", "name": "LOD2_Batch_060_Visual_LOD2_Material_Trim", "status": "passed"}
{"stage": "recipe91-complete-lower-LOD-check", "name": "LOD2_Batch_061_Visual_LOD2_Material_Wheel", "status": "passed"}
{"stage": "recipe91-complete-lower-LOD-check", "name": "LOD2_Batch_062_Wheel_FL_Material_Alloy", "status": "passed"}
{"stage": "recipe91-complete-lower-LOD-check", "name": "LOD2_Batch_063_Wheel_FL_Material_Metal", "status": "passed"}
{"stage": "recipe91-complete-lower-LOD-check", "name": "LOD2_Batch_064_Wheel_FL_Material_Rubber", "status": "passed"}
{"stage": "recipe91-complete-lower-LOD-check", "name": "LOD2_Batch_065_Wheel_FL_Material_Wheel", "status": "passed"}
{"stage": "recipe91-complete-lower-LOD-check", "name": "LOD2_Batch_066_Wheel_FR_Material_Alloy", "status": "passed"}
{"stage": "recipe91-complete-lower-LOD-check", "name": "LOD2_Batch_067_Wheel_FR_Material_Metal", "status": "passed"}
{"stage": "recipe91-complete-lower-LOD-check", "name": "LOD2_Batch_068_Wheel_FR_Material_Rubber", "status": "passed"}
{"stage": "recipe91-complete-lower-LOD-check", "name": "LOD2_Batch_069_Wheel_FR_Material_Wheel", "status": "passed"}
{"stage": "recipe91-complete-lower-LOD-check", "name": "LOD2_Batch_070_Wheel_RL_Material_Alloy", "status": "passed"}
{"stage": "recipe91-complete-lower-LOD-check", "name": "LOD2_Batch_071_Wheel_RL_Material_Metal", "status": "passed"}
{"stage": "recipe91-complete-lower-LOD-check", "name": "LOD2_Batch_072_Wheel_RL_Material_Rubber", "status": "passed"}
{"stage": "recipe91-complete-lower-LOD-check", "name": "LOD2_Batch_073_Wheel_RL_Material_Wheel", "status": "passed"}
{"stage": "recipe91-complete-lower-LOD-check", "name": "LOD2_Batch_074_Wheel_RR_Material_Alloy", "status": "passed"}
{"stage": "recipe91-complete-lower-LOD-check", "name": "LOD2_Batch_075_Wheel_RR_Material_Metal", "status": "passed"}
{"stage": "recipe91-complete-lower-LOD-check", "name": "LOD2_Batch_076_Wheel_RR_Material_Rubber", "status": "passed"}
{"stage": "recipe91-complete-lower-LOD-check", "name": "LOD2_Batch_077_Wheel_RR_Material_Wheel", "status": "passed"}
{"stage": "recipe91-complete-lower-LOD-check", "name": "LOD2_Batch_078_Wiper_L_Material_Rubber", "status": "passed"}
{"stage": "recipe91-complete-lower-LOD-check", "name": "LOD2_Batch_079_Wiper_L_Material_Trim", "status": "passed"}
{"stage": "recipe91-complete-lower-LOD-check", "name": "LOD2_Batch_080_Wiper_R_Material_Rubber", "status": "passed"}
{"stage": "recipe91-complete-lower-LOD-check", "name": "LOD2_Batch_081_Wiper_R_Material_Trim", "status": "passed"}
{"stage": "recipe91-complete-lower-LOD-check", "name": "LOD2_Field_Backlight", "status": "passed"}
{"stage": "recipe91-complete-lower-LOD-check", "name": "LOD2_Field_Windshield", "status": "passed"}
{"stage": "recipe91-complete-lower-LOD-check", "name": "LOD2_MixedProtectedFront", "status": "passed"}
SEDAN_FINAL_SOURCE_PHASE {'name': 'lower-lods-constructed', 'utc': '2026-09-29T16:32:03.057957+00:00', 'elapsed_seconds': 705.4786710999906}
SEDAN_FINAL_SOURCE_PHASE {'name': 'lower-lods-independently-verified-before-save', 'utc': '2026-09-29T16:33:26.805725+00:00', 'elapsed_seconds': 83.7465441999957}
18:12.187  blend            | Read blend: "C:\Dev\sedan-builds\default03\project\data\assets\vehicles\sources\endurance-sedan.blend"
Info: Saved as "endurance-sedan.blend"
SEDAN_FINAL_SOURCE_PHASE {'name': 'final-source-saved-and-reopened', 'utc': '2026-09-29T16:33:27.375620+00:00', 'elapsed_seconds': 0.5698872999928426}
SEDAN_FINAL_SOURCE_PHASE {'name': 'reopened-source-inputs-and-front-fields-verified', 'utc': '2026-09-29T16:37:10.007944+00:00', 'elapsed_seconds': 222.62907320001977}
SEDAN_FINAL_SOURCE_PHASE {'name': 'reopened-lower-lods-independently-verified', 'utc': '2026-09-29T16:38:03.832671+00:00', 'elapsed_seconds': 53.82394079997903}
SEDAN_FINAL_SOURCE {'status': 'passed', 'output': 'C:\\Dev\\sedan-builds\\default03\\project\\data\\assets\\vehicles\\sources\\endurance-sedan.blend'}
Blender 5.1.2 (hash ec6e62d40fa9 built 2026-05-19 01:37:34)
